// Jest Snapshot v1, https://goo.gl/fbAQLP

exports[`SSR is run for a page when it is requested 1`] = `"<!DOCTYPE html><html><head><meta charSet=\\"utf-8\\"/><meta http-equiv=\\"x-ua-compatible\\" content=\\"ie=edge\\"/><meta name=\\"viewport\\" content=\\"width=device-width, initial-scale=1, shrink-to-fit=no\\"/><link data-identity=\\"gatsby-dev-css\\" rel=\\"stylesheet\\" type=\\"text/css\\" href=\\"/commons.css\\"/><meta name=\\"note\\" content=\\"environment=development\\"/><script src=\\"/socket.io/socket.io.js\\"></script></head><body><div id=\\"___gatsby\\"><div style=\\"outline:none\\" tabindex=\\"-1\\" id=\\"gatsby-focus-wrapper\\"><div><h1 class=\\"hi\\">Hello world</h1></div></div><div id=\\"gatsby-announcer\\" style=\\"position:absolute;top:0;width:1px;height:1px;padding:0;overflow:hidden;clip:rect(0, 0, 0, 0);white-space:nowrap;border:0\\" aria-live=\\"assertive\\" aria-atomic=\\"true\\"></div></div><script src=\\"/polyfill.js\\" nomodule=\\"\\"></script><script src=\\"/framework.js\\"></script><script src=\\"/commons.js\\"></script></body></html>"`;

exports[`SSR it generates an error page correctly 1`] = `
"<!DOCTYPE html><html><head><meta charSet=\\"utf-8\\"/><meta http-equiv=\\"x-ua-compatible\\" content=\\"ie=edge\\"/><meta name=\\"viewport\\" content=\\"width=device-width, initial-scale=1, shrink-to-fit=no\\"/><link data-identity=\\"gatsby-dev-css\\" rel=\\"stylesheet\\" type=\\"text/css\\" href=\\"/commons.css\\"/><meta name=\\"note\\" content=\\"environment=development\\"/><script src=\\"/socket.io/socket.io.js\\"></script></head><body><div id=\\"___gatsby\\"><div style=\\"outline:none\\" tabindex=\\"-1\\" id=\\"gatsby-focus-wrapper\\"></div><div id=\\"gatsby-announcer\\" style=\\"position:absolute;top:0;width:1px;height:1px;padding:0;overflow:hidden;clip:rect(0, 0, 0, 0);white-space:nowrap;border:0\\" aria-live=\\"assertive\\" aria-atomic=\\"true\\"></div></div><script>window._gatsbyEvents = window._gatsbyEvents || []; window._gatsbyEvents.push([\\"FAST_REFRESH\\", { action: \\"SHOW_DEV_SSR_ERROR\\", payload: {\\"codeFrame\\":\\"  2 |/n  3 | const Component = () => {/n> 4 |   const a = window.width/n    |             ^/n  5 |/n  6 |   return <div>hi</div>/n  7 | }\\",\\"source\\":\\"src/pages/bad-page.js\\",\\"line\\":4,\\"column\\":13,\\"sourceMessage\\":\\"window is not defined\\",\\"stack\\":\\"ReferenceError: window is not defined/n    at Component (<PROJECT_ROOT>/public/webpack:/ssr/src/pages/bad-page.js:4:13)/n    at d (<PROJECT_ROOT>/node_modules/react-dom/cjs/react-dom-server.node.production.min.js:36:498)/n    at $a (<PROJECT_ROOT>/node_modules/react-dom/cjs/react-dom-server.node.production.min.js:39:16)/n    at a.b.render (<PROJECT_ROOT>/node_modules/react-dom/cjs/react-dom-server.node.production.min.js:44:476)/n    at a.b.read (<PROJECT_ROOT>/node_modules/react-dom/cjs/react-dom-server.node.production.min.js:44:18)/n    at renderToString (<PROJECT_ROOT>/node_modules/react-dom/cjs/react-dom-server.node.production.min.js:54:364)/n    at generateBodyHTML (<PROJECT_ROOT>/public/webpack:/ssr/.cache/ssr-develop-static-entry.js:293:34)/n    at Object.__WEBPACK_DEFAULT_EXPORT__ [as default] (<PROJECT_ROOT>/public/webpack:/ssr/.cache/ssr-develop-static-entry.js:323:19)/n    at <PROJECT_ROOT>/node_modules/gatsby/src/utils/dev-ssr/render-dev-html-child.js:95:9/n    at new Promise (<anonymous>)\\"} }])</script><noscript><h1>Failed to Server Render (SSR)</h1><h2>Error message:</h2><p>window is not defined</p><h2>File:</h2><p>src/pages/bad-page.js:4:13</p><h2>Stack:</h2><pre><code>ReferenceError: window is not defined
    at Component (<PROJECT_ROOT>/public/webpack:/ssr/src/pages/bad-page.js:4:13)
    at d (<PROJECT_ROOT>/node_modules/react-dom/cjs/react-dom-server.node.production.min.js:36:498)
    at $a (<PROJECT_ROOT>/node_modules/react-dom/cjs/react-dom-server.node.production.min.js:39:16)
    at a.b.render (<PROJECT_ROOT>/node_modules/react-dom/cjs/react-dom-server.node.production.min.js:44:476)
    at a.b.read (<PROJECT_ROOT>/node_modules/react-dom/cjs/react-dom-server.node.production.min.js:44:18)
    at renderToString (<PROJECT_ROOT>/node_modules/react-dom/cjs/react-dom-server.node.production.min.js:54:364)
    at generateBodyHTML (<PROJECT_ROOT>/public/webpack:/ssr/.cache/ssr-develop-static-entry.js:293:34)
    at Object.__WEBPACK_DEFAULT_EXPORT__ [as default] (<PROJECT_ROOT>/public/webpack:/ssr/.cache/ssr-develop-static-entry.js:323:19)
    at <PROJECT_ROOT>/node_modules/gatsby/src/utils/dev-ssr/render-dev-html-child.js:95:9
    at new Promise (&lt;anonymous&gt;)</code></pre></noscript><script src=\\"/polyfill.js\\" nomodule=\\"\\"></script><script src=\\"/framework.js\\"></script><script src=\\"/commons.js\\"></script></body></html>"
`;
